Archive member included to satisfy reference by file (symbol)

/usr/lib/gcc/avr/5.4.0/avr6/libgcc.a(_udivmodhi4.o)
                              ./mySmartSensor/mySmartSensor.o (__udivmodhi4)
/usr/lib/gcc/avr/5.4.0/avr6/libgcc.a(_exit.o)
                              /usr/lib/gcc/avr/5.4.0/../../../avr/lib/avr6/crtatmega2560.o (exit)
/usr/lib/gcc/avr/5.4.0/avr6/libgcc.a(_tablejump2.o)
                              ./mySmartSensor/mySmartSensor.o (__tablejump2__)
/usr/lib/gcc/avr/5.4.0/avr6/libgcc.a(_copy_data.o)
                              ./myUART/myUART.o (__do_copy_data)
/usr/lib/gcc/avr/5.4.0/avr6/libgcc.a(_clear_bss.o)
                              ./mySmartSensor/mySmartSensor.o (__do_clear_bss)
/usr/lib/gcc/avr/5.4.0/../../../avr/lib/avr6/libc.a(sprintf.o)
                              ./myUART/myUART.o (sprintf)
/usr/lib/gcc/avr/5.4.0/../../../avr/lib/avr6/libc.a(vfprintf_std.o)
                              /usr/lib/gcc/avr/5.4.0/../../../avr/lib/avr6/libc.a(sprintf.o) (vfprintf)
/usr/lib/gcc/avr/5.4.0/../../../avr/lib/avr6/libc.a(strnlen_P.o)
                              /usr/lib/gcc/avr/5.4.0/../../../avr/lib/avr6/libc.a(vfprintf_std.o) (strnlen_P)
/usr/lib/gcc/avr/5.4.0/../../../avr/lib/avr6/libc.a(strnlen.o)
                              /usr/lib/gcc/avr/5.4.0/../../../avr/lib/avr6/libc.a(vfprintf_std.o) (strnlen)
/usr/lib/gcc/avr/5.4.0/../../../avr/lib/avr6/libc.a(fputc.o)
                              /usr/lib/gcc/avr/5.4.0/../../../avr/lib/avr6/libc.a(vfprintf_std.o) (fputc)
/usr/lib/gcc/avr/5.4.0/../../../avr/lib/avr6/libc.a(ultoa_invert.o)
                              /usr/lib/gcc/avr/5.4.0/../../../avr/lib/avr6/libc.a(vfprintf_std.o) (__ultoa_invert)

Allocating common symbols
Common symbol       size              file

Sensor2All          0x2               ./mySmartSensor/mySmartSensor.o
tHigh               0x1               ./mySmartSensor/mySmartSensor.o
temp2               0x1               ./myADC/myADC.o
Threshold2          0x2               ./mySmartSensor/mySmartSensor.o
buff                0x1               ./main.o
Sensor1             0x28              ./mySmartSensor/mySmartSensor.o
tLow                0x1               ./mySmartSensor/mySmartSensor.o
temp1               0x1               ./myADC/myADC.o
Sensor1All          0x2               ./mySmartSensor/mySmartSensor.o
high                0x1               ./main.o
Sensor3All          0x2               ./mySmartSensor/mySmartSensor.o
low                 0x1               ./main.o
Sensor3             0x28              ./mySmartSensor/mySmartSensor.o
Threshold0          0x2               ./mySmartSensor/mySmartSensor.o
Sensor2             0x28              ./mySmartSensor/mySmartSensor.o
Threshold1          0x2               ./mySmartSensor/mySmartSensor.o

Memory Configuration

Name             Origin             Length             Attributes
text             0x0000000000000000 0x0000000000100000 xr
data             0x0000000000800200 0x000000000000fe00 rw !x
eeprom           0x0000000000810000 0x0000000000010000 rw !x
fuse             0x0000000000820000 0x0000000000000003 rw !x
lock             0x0000000000830000 0x0000000000000400 rw !x
signature        0x0000000000840000 0x0000000000000400 rw !x
user_signatures  0x0000000000850000 0x0000000000000400 rw !x
*default*        0x0000000000000000 0xffffffffffffffff

Linker script and memory map

Address of section .data set to 0x800200
LOAD /usr/lib/gcc/avr/5.4.0/../../../avr/lib/avr6/crtatmega2560.o
LOAD ./myUART/myUART.o
LOAD ./mySmartSensor/mySmartSensor.o
LOAD ./mySPI/mySPI.o
LOAD ./myADC/myADC.o
LOAD ./main.o
START GROUP
LOAD /usr/lib/gcc/avr/5.4.0/avr6/libgcc.a
LOAD /usr/lib/gcc/avr/5.4.0/../../../avr/lib/avr6/libm.a
LOAD /usr/lib/gcc/avr/5.4.0/../../../avr/lib/avr6/libc.a
LOAD /usr/lib/gcc/avr/5.4.0/../../../avr/lib/avr6/libatmega2560.a
END GROUP
                0x0000000000100000                __TEXT_REGION_LENGTH__ = DEFINED (__TEXT_REGION_LENGTH__)?__TEXT_REGION_LENGTH__:0x100000
                0x000000000000fe00                __DATA_REGION_LENGTH__ = DEFINED (__DATA_REGION_LENGTH__)?__DATA_REGION_LENGTH__:0xfe00
                0x0000000000010000                __EEPROM_REGION_LENGTH__ = DEFINED (__EEPROM_REGION_LENGTH__)?__EEPROM_REGION_LENGTH__:0x10000
                [0x0000000000000003]                __FUSE_REGION_LENGTH__ = DEFINED (__FUSE_REGION_LENGTH__)?__FUSE_REGION_LENGTH__:0x400
                0x0000000000000400                __LOCK_REGION_LENGTH__ = DEFINED (__LOCK_REGION_LENGTH__)?__LOCK_REGION_LENGTH__:0x400
                0x0000000000000400                __SIGNATURE_REGION_LENGTH__ = DEFINED (__SIGNATURE_REGION_LENGTH__)?__SIGNATURE_REGION_LENGTH__:0x400
                0x0000000000000400                __USER_SIGNATURE_REGION_LENGTH__ = DEFINED (__USER_SIGNATURE_REGION_LENGTH__)?__USER_SIGNATURE_REGION_LENGTH__:0x400

.hash
 *(.hash)

.dynsym
 *(.dynsym)

.dynstr
 *(.dynstr)

.gnu.version
 *(.gnu.version)

.gnu.version_d
 *(.gnu.version_d)

.gnu.version_r
 *(.gnu.version_r)

.rel.init
 *(.rel.init)

.rela.init
 *(.rela.init)

.rel.text
 *(.rel.text)
 *(.rel.text.*)
 *(.rel.gnu.linkonce.t*)

.rela.text
 *(.rela.text)
 *(.rela.text.*)
 *(.rela.gnu.linkonce.t*)

.rel.fini
 *(.rel.fini)

.rela.fini
 *(.rela.fini)

.rel.rodata
 *(.rel.rodata)
 *(.rel.rodata.*)
 *(.rel.gnu.linkonce.r*)

.rela.rodata
 *(.rela.rodata)
 *(.rela.rodata.*)
 *(.rela.gnu.linkonce.r*)

.rel.data
 *(.rel.data)
 *(.rel.data.*)
 *(.rel.gnu.linkonce.d*)

.rela.data
 *(.rela.data)
 *(.rela.data.*)
 *(.rela.gnu.linkonce.d*)

.rel.ctors
 *(.rel.ctors)

.rela.ctors
 *(.rela.ctors)

.rel.dtors
 *(.rel.dtors)

.rela.dtors
 *(.rela.dtors)

.rel.got
 *(.rel.got)

.rela.got
 *(.rela.got)

.rel.bss
 *(.rel.bss)

.rela.bss
 *(.rela.bss)

.rel.plt
 *(.rel.plt)

.rela.plt
 *(.rela.plt)

.text           0x0000000000000000      0xedc
 *(.vectors)
 .vectors       0x0000000000000000       0xe4 /usr/lib/gcc/avr/5.4.0/../../../avr/lib/avr6/crtatmega2560.o
                0x0000000000000000                __vectors
                0x0000000000000000                __vector_default
 *(.vectors)
 *(.progmem.gcc*)
 .progmem.gcc_sw_table.SmartSensor
                0x00000000000000e4       0x24 ./mySmartSensor/mySmartSensor.o
                0x0000000000000108                . = ALIGN (0x2)
                0x0000000000000108                __trampolines_start = .
 *(.trampolines)
 .trampolines   0x0000000000000108       0x44 linker stubs
 *(.trampolines*)
                0x000000000000014c                __trampolines_end = .
 *libprintf_flt.a:*(.progmem.data)
 *libc.a:*(.progmem.data)
 *(.progmem*)
                0x000000000000014c                . = ALIGN (0x2)
 *(.jumptables)
 *(.jumptables*)
 *(.lowtext)
 *(.lowtext*)
                0x000000000000014c                __ctors_start = .
 *(.ctors)
                0x000000000000014c                __ctors_end = .
                0x000000000000014c                __dtors_start = .
 *(.dtors)
                0x000000000000014c                __dtors_end = .
 SORT(*)(.ctors)
 SORT(*)(.dtors)
 *(.init0)
 .init0         0x000000000000014c        0x0 /usr/lib/gcc/avr/5.4.0/../../../avr/lib/avr6/crtatmega2560.o
                0x000000000000014c                __init
 *(.init0)
 *(.init1)
 *(.init1)
 *(.init2)
 .init2         0x000000000000014c       0x10 /usr/lib/gcc/avr/5.4.0/../../../avr/lib/avr6/crtatmega2560.o
 *(.init2)
 *(.init3)
 *(.init3)
 *(.init4)
 .init4         0x000000000000015c       0x1a /usr/lib/gcc/avr/5.4.0/avr6/libgcc.a(_copy_data.o)
                0x000000000000015c                __do_copy_data
 .init4         0x0000000000000176       0x10 /usr/lib/gcc/avr/5.4.0/avr6/libgcc.a(_clear_bss.o)
                0x0000000000000176                __do_clear_bss
 *(.init4)
 *(.init5)
 *(.init5)
 *(.init6)
 *(.init6)
 *(.init7)
 *(.init7)
 *(.init8)
 *(.init8)
 *(.init9)
 .init9         0x0000000000000186        0x8 /usr/lib/gcc/avr/5.4.0/../../../avr/lib/avr6/crtatmega2560.o
 *(.init9)
 *(.text)
 .text          0x000000000000018e        0x4 /usr/lib/gcc/avr/5.4.0/../../../avr/lib/avr6/crtatmega2560.o
                0x000000000000018e                __vector_38
                0x000000000000018e                __vector_22
                0x000000000000018e                __vector_28
                0x000000000000018e                __vector_1
                0x000000000000018e                __vector_32
                0x000000000000018e                __vector_34
                0x000000000000018e                __vector_24
                0x000000000000018e                __vector_12
                0x000000000000018e                __vector_55
                0x000000000000018e                __vector_46
                0x000000000000018e                __bad_interrupt
                0x000000000000018e                __vector_6
                0x000000000000018e                __vector_31
                0x000000000000018e                __vector_35
                0x000000000000018e                __vector_39
                0x000000000000018e                __vector_3
                0x000000000000018e                __vector_23
                0x000000000000018e                __vector_30
                0x000000000000018e                __vector_45
                0x000000000000018e                __vector_25
                0x000000000000018e                __vector_11
                0x000000000000018e                __vector_54
                0x000000000000018e                __vector_13
                0x000000000000018e                __vector_17
                0x000000000000018e                __vector_19
                0x000000000000018e                __vector_56
                0x000000000000018e                __vector_7
                0x000000000000018e                __vector_49
                0x000000000000018e                __vector_41
                0x000000000000018e                __vector_43
                0x000000000000018e                __vector_27
                0x000000000000018e                __vector_5
                0x000000000000018e                __vector_33
                0x000000000000018e                __vector_47
                0x000000000000018e                __vector_52
                0x000000000000018e                __vector_37
                0x000000000000018e                __vector_4
                0x000000000000018e                __vector_44
                0x000000000000018e                __vector_51
                0x000000000000018e                __vector_9
                0x000000000000018e                __vector_2
                0x000000000000018e                __vector_21
                0x000000000000018e                __vector_15
                0x000000000000018e                __vector_36
                0x000000000000018e                __vector_29
                0x000000000000018e                __vector_40
                0x000000000000018e                __vector_8
                0x000000000000018e                __vector_26
                0x000000000000018e                __vector_48
                0x000000000000018e                __vector_14
                0x000000000000018e                __vector_53
                0x000000000000018e                __vector_10
                0x000000000000018e                __vector_50
                0x000000000000018e                __vector_16
                0x000000000000018e                __vector_18
                0x000000000000018e                __vector_20
                0x000000000000018e                __vector_42
 .text          0x0000000000000192        0x0 ./myUART/myUART.o
 .text          0x0000000000000192        0x0 ./mySmartSensor/mySmartSensor.o
 .text          0x0000000000000192        0x0 ./mySPI/mySPI.o
 .text          0x0000000000000192        0x0 ./myADC/myADC.o
 .text          0x0000000000000192        0x0 ./main.o
 .text          0x0000000000000192        0x0 /usr/lib/gcc/avr/5.4.0/avr6/libgcc.a(_udivmodhi4.o)
 .text          0x0000000000000192        0x0 /usr/lib/gcc/avr/5.4.0/avr6/libgcc.a(_exit.o)
 .text          0x0000000000000192        0x0 /usr/lib/gcc/avr/5.4.0/avr6/libgcc.a(_tablejump2.o)
 .text          0x0000000000000192        0x0 /usr/lib/gcc/avr/5.4.0/avr6/libgcc.a(_copy_data.o)
 .text          0x0000000000000192        0x0 /usr/lib/gcc/avr/5.4.0/avr6/libgcc.a(_clear_bss.o)
 .text          0x0000000000000192        0x0 /usr/lib/gcc/avr/5.4.0/../../../avr/lib/avr6/libc.a(sprintf.o)
 .text          0x0000000000000192        0x0 /usr/lib/gcc/avr/5.4.0/../../../avr/lib/avr6/libc.a(vfprintf_std.o)
 .text          0x0000000000000192        0x0 /usr/lib/gcc/avr/5.4.0/../../../avr/lib/avr6/libc.a(strnlen_P.o)
 .text          0x0000000000000192        0x0 /usr/lib/gcc/avr/5.4.0/../../../avr/lib/avr6/libc.a(strnlen.o)
 .text          0x0000000000000192        0x0 /usr/lib/gcc/avr/5.4.0/../../../avr/lib/avr6/libc.a(fputc.o)
 .text          0x0000000000000192        0x0 /usr/lib/gcc/avr/5.4.0/../../../avr/lib/avr6/libc.a(ultoa_invert.o)
                0x0000000000000192                . = ALIGN (0x2)
 *(.text.*)
 .text.USART_Init
                0x0000000000000192       0x18 ./myUART/myUART.o
                0x0000000000000192                USART_Init
 .text.USART_GetChar
                0x00000000000001aa        0xe ./myUART/myUART.o
                0x00000000000001aa                USART_GetChar
 .text.USART_PutChar
                0x00000000000001b8        0xe ./myUART/myUART.o
                0x00000000000001b8                USART_PutChar
 .text.USART_PutStr
                0x00000000000001c6       0x18 ./myUART/myUART.o
                0x00000000000001c6                USART_PutStr
 .text.USART_PutNum
                0x00000000000001de       0x5a ./myUART/myUART.o
                0x00000000000001de                USART_PutNum
 .text.calibrate_S0
                0x0000000000000238       0x9a ./mySmartSensor/mySmartSensor.o
                0x0000000000000238                calibrate_S0
 .text.calibrate_S1
                0x00000000000002d2       0x9a ./mySmartSensor/mySmartSensor.o
                0x00000000000002d2                calibrate_S1
 .text.calibrate_S2
                0x000000000000036c       0x9a ./mySmartSensor/mySmartSensor.o
                0x000000000000036c                calibrate_S2
 .text.digitalRaw
                0x0000000000000406       0xae ./mySmartSensor/mySmartSensor.o
                0x0000000000000406                digitalRaw
 .text.dicision
                0x00000000000004b4       0x24 ./mySmartSensor/mySmartSensor.o
                0x00000000000004b4                dicision
 .text.AutoCalibrate
                0x00000000000004d8      0x13a ./mySmartSensor/mySmartSensor.o
                0x00000000000004d8                AutoCalibrate
 .text.SmartSensor
                0x0000000000000612      0x198 ./mySmartSensor/mySmartSensor.o
                0x0000000000000612                SmartSensor
 .text.SPI_SlaveInit
                0x00000000000007aa        0xa ./mySPI/mySPI.o
                0x00000000000007aa                SPI_SlaveInit
 .text.SPI_SlaveReceive
                0x00000000000007b4        0xc ./mySPI/mySPI.o
                0x00000000000007b4                SPI_SlaveReceive
 .text.SPI_SlavePrint
                0x00000000000007c0       0x18 ./mySPI/mySPI.o
                0x00000000000007c0                SPI_SlavePrint
 .text.SPI_SlavePrintNum
                0x00000000000007d8       0x60 ./mySPI/mySPI.o
                0x00000000000007d8                SPI_SlavePrintNum
 .text.myADC_init
                0x0000000000000838       0x1c ./myADC/myADC.o
                0x0000000000000838                myADC_init
 .text.myADC_read
                0x0000000000000854       0x64 ./myADC/myADC.o
                0x0000000000000854                myADC_read
 .text.startup.main
                0x00000000000008b8       0x16 ./main.o
                0x00000000000008b8                main
 .text.libgcc.mul
                0x00000000000008ce        0x0 /usr/lib/gcc/avr/5.4.0/avr6/libgcc.a(_udivmodhi4.o)
 .text.libgcc.div
                0x00000000000008ce       0x28 /usr/lib/gcc/avr/5.4.0/avr6/libgcc.a(_udivmodhi4.o)
                0x00000000000008ce                __udivmodhi4
 .text.libgcc   0x00000000000008f6        0x0 /usr/lib/gcc/avr/5.4.0/avr6/libgcc.a(_udivmodhi4.o)
 .text.libgcc.prologue
                0x00000000000008f6        0x0 /usr/lib/gcc/avr/5.4.0/avr6/libgcc.a(_udivmodhi4.o)
 .text.libgcc.builtins
                0x00000000000008f6        0x0 /usr/lib/gcc/avr/5.4.0/avr6/libgcc.a(_udivmodhi4.o)
 .text.libgcc.fmul
                0x00000000000008f6        0x0 /usr/lib/gcc/avr/5.4.0/avr6/libgcc.a(_udivmodhi4.o)
 .text.libgcc.fixed
                0x00000000000008f6        0x0 /usr/lib/gcc/avr/5.4.0/avr6/libgcc.a(_udivmodhi4.o)
 .text.libgcc.mul
                0x00000000000008f6        0x0 /usr/lib/gcc/avr/5.4.0/avr6/libgcc.a(_exit.o)
 .text.libgcc.div
                0x00000000000008f6        0x0 /usr/lib/gcc/avr/5.4.0/avr6/libgcc.a(_exit.o)
 .text.libgcc   0x00000000000008f6        0x0 /usr/lib/gcc/avr/5.4.0/avr6/libgcc.a(_exit.o)
 .text.libgcc.prologue
                0x00000000000008f6        0x0 /usr/lib/gcc/avr/5.4.0/avr6/libgcc.a(_exit.o)
 .text.libgcc.builtins
                0x00000000000008f6        0x0 /usr/lib/gcc/avr/5.4.0/avr6/libgcc.a(_exit.o)
 .text.libgcc.fmul
                0x00000000000008f6        0x0 /usr/lib/gcc/avr/5.4.0/avr6/libgcc.a(_exit.o)
 .text.libgcc.fixed
                0x00000000000008f6        0x0 /usr/lib/gcc/avr/5.4.0/avr6/libgcc.a(_exit.o)
 .text.libgcc.mul
                0x00000000000008f6        0x0 /usr/lib/gcc/avr/5.4.0/avr6/libgcc.a(_tablejump2.o)
 .text.libgcc.div
                0x00000000000008f6        0x0 /usr/lib/gcc/avr/5.4.0/avr6/libgcc.a(_tablejump2.o)
 .text.libgcc   0x00000000000008f6       0x10 /usr/lib/gcc/avr/5.4.0/avr6/libgcc.a(_tablejump2.o)
                0x00000000000008f6                __tablejump2__
 .text.libgcc.prologue
                0x0000000000000906        0x0 /usr/lib/gcc/avr/5.4.0/avr6/libgcc.a(_tablejump2.o)
 .text.libgcc.builtins
                0x0000000000000906        0x0 /usr/lib/gcc/avr/5.4.0/avr6/libgcc.a(_tablejump2.o)
 .text.libgcc.fmul
                0x0000000000000906        0x0 /usr/lib/gcc/avr/5.4.0/avr6/libgcc.a(_tablejump2.o)
 .text.libgcc.fixed
                0x0000000000000906        0x0 /usr/lib/gcc/avr/5.4.0/avr6/libgcc.a(_tablejump2.o)
 .text.libgcc.mul
                0x0000000000000906        0x0 /usr/lib/gcc/avr/5.4.0/avr6/libgcc.a(_copy_data.o)
 .text.libgcc.div
                0x0000000000000906        0x0 /usr/lib/gcc/avr/5.4.0/avr6/libgcc.a(_copy_data.o)
 .text.libgcc   0x0000000000000906        0x0 /usr/lib/gcc/avr/5.4.0/avr6/libgcc.a(_copy_data.o)
 .text.libgcc.prologue
                0x0000000000000906        0x0 /usr/lib/gcc/avr/5.4.0/avr6/libgcc.a(_copy_data.o)
 .text.libgcc.builtins
                0x0000000000000906        0x0 /usr/lib/gcc/avr/5.4.0/avr6/libgcc.a(_copy_data.o)
 .text.libgcc.fmul
                0x0000000000000906        0x0 /usr/lib/gcc/avr/5.4.0/avr6/libgcc.a(_copy_data.o)
 .text.libgcc.fixed
                0x0000000000000906        0x0 /usr/lib/gcc/avr/5.4.0/avr6/libgcc.a(_copy_data.o)
 .text.libgcc.mul
                0x0000000000000906        0x0 /usr/lib/gcc/avr/5.4.0/avr6/libgcc.a(_clear_bss.o)
 .text.libgcc.div
                0x0000000000000906        0x0 /usr/lib/gcc/avr/5.4.0/avr6/libgcc.a(_clear_bss.o)
 .text.libgcc   0x0000000000000906        0x0 /usr/lib/gcc/avr/5.4.0/avr6/libgcc.a(_clear_bss.o)
 .text.libgcc.prologue
                0x0000000000000906        0x0 /usr/lib/gcc/avr/5.4.0/avr6/libgcc.a(_clear_bss.o)
 .text.libgcc.builtins
                0x0000000000000906        0x0 /usr/lib/gcc/avr/5.4.0/avr6/libgcc.a(_clear_bss.o)
 .text.libgcc.fmul
                0x0000000000000906        0x0 /usr/lib/gcc/avr/5.4.0/avr6/libgcc.a(_clear_bss.o)
 .text.libgcc.fixed
                0x0000000000000906        0x0 /usr/lib/gcc/avr/5.4.0/avr6/libgcc.a(_clear_bss.o)
 .text.avr-libc
                0x0000000000000906       0x5e /usr/lib/gcc/avr/5.4.0/../../../avr/lib/avr6/libc.a(sprintf.o)
                0x0000000000000906                sprintf
 .text.avr-libc
                0x0000000000000964      0x414 /usr/lib/gcc/avr/5.4.0/../../../avr/lib/avr6/libc.a(vfprintf_std.o)
                0x0000000000000964                vfprintf
 .text.avr-libc
                0x0000000000000d78       0x16 /usr/lib/gcc/avr/5.4.0/../../../avr/lib/avr6/libc.a(strnlen_P.o)
                0x0000000000000d78                strnlen_P
 .text.avr-libc
                0x0000000000000d8e       0x16 /usr/lib/gcc/avr/5.4.0/../../../avr/lib/avr6/libc.a(strnlen.o)
                0x0000000000000d8e                strnlen
 .text.avr-libc
                0x0000000000000da4       0x78 /usr/lib/gcc/avr/5.4.0/../../../avr/lib/avr6/libc.a(fputc.o)
                0x0000000000000da4                fputc
 .text.avr-libc
                0x0000000000000e1c       0xbc /usr/lib/gcc/avr/5.4.0/../../../avr/lib/avr6/libc.a(ultoa_invert.o)
                0x0000000000000e1c                __ultoa_invert
                0x0000000000000ed8                . = ALIGN (0x2)
 *(.fini9)
 .fini9         0x0000000000000ed8        0x0 /usr/lib/gcc/avr/5.4.0/avr6/libgcc.a(_exit.o)
                0x0000000000000ed8                exit
                0x0000000000000ed8                _exit
 *(.fini9)
 *(.fini8)
 *(.fini8)
 *(.fini7)
 *(.fini7)
 *(.fini6)
 *(.fini6)
 *(.fini5)
 *(.fini5)
 *(.fini4)
 *(.fini4)
 *(.fini3)
 *(.fini3)
 *(.fini2)
 *(.fini2)
 *(.fini1)
 *(.fini1)
 *(.fini0)
 .fini0         0x0000000000000ed8        0x4 /usr/lib/gcc/avr/5.4.0/avr6/libgcc.a(_exit.o)
 *(.fini0)
                0x0000000000000edc                _etext = .

.data           0x0000000000800200        0xc load address 0x0000000000000edc
                0x0000000000800200                PROVIDE (__data_start, .)
 *(.data)
 .data          0x0000000000800200        0x0 /usr/lib/gcc/avr/5.4.0/../../../avr/lib/avr6/crtatmega2560.o
 .data          0x0000000000800200        0x0 ./myUART/myUART.o
 .data          0x0000000000800200        0x0 ./mySmartSensor/mySmartSensor.o
 .data          0x0000000000800200        0x0 ./mySPI/mySPI.o
 .data          0x0000000000800200        0x0 ./myADC/myADC.o
 .data          0x0000000000800200        0x0 ./main.o
 .data          0x0000000000800200        0x0 /usr/lib/gcc/avr/5.4.0/avr6/libgcc.a(_udivmodhi4.o)
 .data          0x0000000000800200        0x0 /usr/lib/gcc/avr/5.4.0/avr6/libgcc.a(_exit.o)
 .data          0x0000000000800200        0x0 /usr/lib/gcc/avr/5.4.0/avr6/libgcc.a(_tablejump2.o)
 .data          0x0000000000800200        0x0 /usr/lib/gcc/avr/5.4.0/avr6/libgcc.a(_copy_data.o)
 .data          0x0000000000800200        0x0 /usr/lib/gcc/avr/5.4.0/avr6/libgcc.a(_clear_bss.o)
 .data          0x0000000000800200        0x0 /usr/lib/gcc/avr/5.4.0/../../../avr/lib/avr6/libc.a(sprintf.o)
 .data          0x0000000000800200        0x0 /usr/lib/gcc/avr/5.4.0/../../../avr/lib/avr6/libc.a(vfprintf_std.o)
 .data          0x0000000000800200        0x0 /usr/lib/gcc/avr/5.4.0/../../../avr/lib/avr6/libc.a(strnlen_P.o)
 .data          0x0000000000800200        0x0 /usr/lib/gcc/avr/5.4.0/../../../avr/lib/avr6/libc.a(strnlen.o)
 .data          0x0000000000800200        0x0 /usr/lib/gcc/avr/5.4.0/../../../avr/lib/avr6/libc.a(fputc.o)
 .data          0x0000000000800200        0x0 /usr/lib/gcc/avr/5.4.0/../../../avr/lib/avr6/libc.a(ultoa_invert.o)
 *(.data*)
 .data.light2   0x0000000000800200        0x2 ./mySmartSensor/mySmartSensor.o
                0x0000000000800200                light2
 .data.light1   0x0000000000800202        0x2 ./mySmartSensor/mySmartSensor.o
                0x0000000000800202                light1
 .data.light0   0x0000000000800204        0x2 ./mySmartSensor/mySmartSensor.o
                0x0000000000800204                light0
 .data.Terima   0x0000000000800206        0x1 ./mySmartSensor/mySmartSensor.o
                0x0000000000800206                Terima
 .data.Kirim    0x0000000000800207        0x1 ./mySmartSensor/mySmartSensor.o
                0x0000000000800207                Kirim
 *(.rodata)
 *(.rodata*)
 .rodata.str1.1
                0x0000000000800208        0x3 ./myUART/myUART.o
 .rodata.str1.1
                0x000000000080020b        0x3 ./mySPI/mySPI.o
 *(.gnu.linkonce.d*)
                0x000000000080020e                . = ALIGN (0x2)
 *fill*         0x000000000080020b        0x1 
                0x000000000080020c                _edata = .
                0x000000000080020c                PROVIDE (__data_end, .)

.bss            0x000000000080020c       0xb1
                0x000000000080020c                PROVIDE (__bss_start, .)
 *(.bss)
 .bss           0x000000000080020c        0x0 /usr/lib/gcc/avr/5.4.0/../../../avr/lib/avr6/crtatmega2560.o
 .bss           0x000000000080020c        0x0 ./myUART/myUART.o
 .bss           0x000000000080020c        0x0 ./mySmartSensor/mySmartSensor.o
 .bss           0x000000000080020c        0x0 ./mySPI/mySPI.o
 .bss           0x000000000080020c        0x0 ./myADC/myADC.o
 .bss           0x000000000080020c        0x0 ./main.o
 .bss           0x000000000080020c        0x0 /usr/lib/gcc/avr/5.4.0/avr6/libgcc.a(_udivmodhi4.o)
 .bss           0x000000000080020c        0x0 /usr/lib/gcc/avr/5.4.0/avr6/libgcc.a(_exit.o)
 .bss           0x000000000080020c        0x0 /usr/lib/gcc/avr/5.4.0/avr6/libgcc.a(_tablejump2.o)
 .bss           0x000000000080020c        0x0 /usr/lib/gcc/avr/5.4.0/avr6/libgcc.a(_copy_data.o)
 .bss           0x000000000080020c        0x0 /usr/lib/gcc/avr/5.4.0/avr6/libgcc.a(_clear_bss.o)
 .bss           0x000000000080020c        0x0 /usr/lib/gcc/avr/5.4.0/../../../avr/lib/avr6/libc.a(sprintf.o)
 .bss           0x000000000080020c        0x0 /usr/lib/gcc/avr/5.4.0/../../../avr/lib/avr6/libc.a(vfprintf_std.o)
 .bss           0x000000000080020c        0x0 /usr/lib/gcc/avr/5.4.0/../../../avr/lib/avr6/libc.a(strnlen_P.o)
 .bss           0x000000000080020c        0x0 /usr/lib/gcc/avr/5.4.0/../../../avr/lib/avr6/libc.a(strnlen.o)
 .bss           0x000000000080020c        0x0 /usr/lib/gcc/avr/5.4.0/../../../avr/lib/avr6/libc.a(fputc.o)
 .bss           0x000000000080020c        0x0 /usr/lib/gcc/avr/5.4.0/../../../avr/lib/avr6/libc.a(ultoa_invert.o)
 *(.bss*)
 .bss.dRaw      0x000000000080020c        0x1 ./mySmartSensor/mySmartSensor.o
                0x000000000080020c                dRaw
 .bss.resultDigital1
                0x000000000080020d        0x1 ./mySmartSensor/mySmartSensor.o
                0x000000000080020d                resultDigital1
 .bss.resultDigital
                0x000000000080020e        0x1 ./mySmartSensor/mySmartSensor.o
                0x000000000080020e                resultDigital
 .bss.dark2     0x000000000080020f        0x2 ./mySmartSensor/mySmartSensor.o
                0x000000000080020f                dark2
 .bss.dark1     0x0000000000800211        0x2 ./mySmartSensor/mySmartSensor.o
                0x0000000000800211                dark1
 .bss.dark0     0x0000000000800213        0x2 ./mySmartSensor/mySmartSensor.o
                0x0000000000800213                dark0
 .bss.TH2A      0x0000000000800215        0x1 ./mySmartSensor/mySmartSensor.o
                0x0000000000800215                TH2A
 .bss.TH1A      0x0000000000800216        0x1 ./mySmartSensor/mySmartSensor.o
                0x0000000000800216                TH1A
 .bss.TH0A      0x0000000000800217        0x1 ./mySmartSensor/mySmartSensor.o
                0x0000000000800217                TH0A
 .bss.TF2       0x0000000000800218        0x2 ./mySmartSensor/mySmartSensor.o
                0x0000000000800218                TF2
 .bss.TF1       0x000000000080021a        0x2 ./mySmartSensor/mySmartSensor.o
                0x000000000080021a                TF1
 .bss.TF0       0x000000000080021c        0x2 ./mySmartSensor/mySmartSensor.o
                0x000000000080021c                TF0
 .bss.TL2       0x000000000080021e        0x1 ./mySmartSensor/mySmartSensor.o
                0x000000000080021e                TL2
 .bss.TH2       0x000000000080021f        0x1 ./mySmartSensor/mySmartSensor.o
                0x000000000080021f                TH2
 .bss.TL1       0x0000000000800220        0x1 ./mySmartSensor/mySmartSensor.o
                0x0000000000800220                TL1
 .bss.TH1       0x0000000000800221        0x1 ./mySmartSensor/mySmartSensor.o
                0x0000000000800221                TH1
 .bss.TL0       0x0000000000800222        0x1 ./mySmartSensor/mySmartSensor.o
                0x0000000000800222                TL0
 .bss.TH0       0x0000000000800223        0x1 ./mySmartSensor/mySmartSensor.o
                0x0000000000800223                TH0
 .bss.SF2       0x0000000000800224        0x2 ./mySmartSensor/mySmartSensor.o
                0x0000000000800224                SF2
 .bss.SF1       0x0000000000800226        0x2 ./mySmartSensor/mySmartSensor.o
                0x0000000000800226                SF1
 .bss.SF0       0x0000000000800228        0x2 ./mySmartSensor/mySmartSensor.o
                0x0000000000800228                SF0
 .bss.SL2       0x000000000080022a        0x1 ./mySmartSensor/mySmartSensor.o
                0x000000000080022a                SL2
 .bss.SH2       0x000000000080022b        0x1 ./mySmartSensor/mySmartSensor.o
                0x000000000080022b                SH2
 .bss.SL1       0x000000000080022c        0x1 ./mySmartSensor/mySmartSensor.o
                0x000000000080022c                SL1
 .bss.SH1       0x000000000080022d        0x1 ./mySmartSensor/mySmartSensor.o
                0x000000000080022d                SH1
 .bss.SL0       0x000000000080022e        0x1 ./mySmartSensor/mySmartSensor.o
                0x000000000080022e                SL0
 .bss.SH0       0x000000000080022f        0x1 ./mySmartSensor/mySmartSensor.o
                0x000000000080022f                SH0
 .bss.i         0x0000000000800230        0x2 ./mySmartSensor/mySmartSensor.o
                0x0000000000800230                i
 *(COMMON)
 COMMON         0x0000000000800232       0x86 ./mySmartSensor/mySmartSensor.o
                0x0000000000800232                Sensor2All
                0x0000000000800234                tHigh
                0x0000000000800235                Threshold2
                0x0000000000800237                Sensor1
                0x000000000080025f                tLow
                0x0000000000800260                Sensor1All
                0x0000000000800262                Sensor3All
                0x0000000000800264                Sensor3
                0x000000000080028c                Threshold0
                0x000000000080028e                Sensor2
                0x00000000008002b6                Threshold1
 COMMON         0x00000000008002b8        0x2 ./myADC/myADC.o
                0x00000000008002b8                temp2
                0x00000000008002b9                temp1
 COMMON         0x00000000008002ba        0x3 ./main.o
                0x00000000008002ba                buff
                0x00000000008002bb                high
                0x00000000008002bc                low
                0x00000000008002bd                PROVIDE (__bss_end, .)
                0x0000000000000edc                __data_load_start = LOADADDR (.data)
                0x0000000000000ee8                __data_load_end = (__data_load_start + SIZEOF (.data))

.noinit         0x00000000008002bd        0x0
                [!provide]                        PROVIDE (__noinit_start, .)
 *(.noinit*)
                [!provide]                        PROVIDE (__noinit_end, .)
                0x00000000008002bd                _end = .
                [!provide]                        PROVIDE (__heap_start, .)

.eeprom         0x0000000000810000        0x0
 *(.eeprom*)
                0x0000000000810000                __eeprom_end = .

.fuse
 *(.fuse)
 *(.lfuse)
 *(.hfuse)
 *(.efuse)

.lock
 *(.lock*)

.signature
 *(.signature*)

.user_signatures
 *(.user_signatures*)

.stab
 *(.stab)

.stabstr
 *(.stabstr)

.stab.excl
 *(.stab.excl)

.stab.exclstr
 *(.stab.exclstr)

.stab.index
 *(.stab.index)

.stab.indexstr
 *(.stab.indexstr)

.comment        0x0000000000000000       0x11
 *(.comment)
 .comment       0x0000000000000000       0x11 ./myUART/myUART.o
                                         0x12 (size before relaxing)
 .comment       0x0000000000000011       0x12 ./mySmartSensor/mySmartSensor.o
 .comment       0x0000000000000011       0x12 ./mySPI/mySPI.o
 .comment       0x0000000000000011       0x12 ./myADC/myADC.o
 .comment       0x0000000000000011       0x12 ./main.o
 .comment       0x0000000000000011       0x12 /usr/lib/gcc/avr/5.4.0/../../../avr/lib/avr6/libc.a(sprintf.o)
 .comment       0x0000000000000011       0x12 /usr/lib/gcc/avr/5.4.0/../../../avr/lib/avr6/libc.a(vfprintf_std.o)
 .comment       0x0000000000000011       0x12 /usr/lib/gcc/avr/5.4.0/../../../avr/lib/avr6/libc.a(fputc.o)

.note.gnu.avr.deviceinfo
                0x0000000000000000       0x40
 .note.gnu.avr.deviceinfo
                0x0000000000000000       0x40 /usr/lib/gcc/avr/5.4.0/../../../avr/lib/avr6/crtatmega2560.o

.note.gnu.build-id
 *(.note.gnu.build-id)

.debug
 *(.debug)

.line
 *(.line)

.debug_srcinfo
 *(.debug_srcinfo)

.debug_sfnames
 *(.debug_sfnames)

.debug_aranges
 *(.debug_aranges)

.debug_pubnames
 *(.debug_pubnames)

.debug_info     0x0000000000000000      0xbbc
 *(.debug_info .gnu.linkonce.wi.*)
 .debug_info    0x0000000000000000      0xbbc /usr/lib/gcc/avr/5.4.0/../../../avr/lib/avr6/crtatmega2560.o

.debug_abbrev   0x0000000000000000      0xb1a
 *(.debug_abbrev)
 .debug_abbrev  0x0000000000000000      0xb1a /usr/lib/gcc/avr/5.4.0/../../../avr/lib/avr6/crtatmega2560.o

.debug_line     0x0000000000000000       0x1a
 *(.debug_line .debug_line.* .debug_line_end)
 .debug_line    0x0000000000000000       0x1a /usr/lib/gcc/avr/5.4.0/../../../avr/lib/avr6/crtatmega2560.o

.debug_frame
 *(.debug_frame)

.debug_str      0x0000000000000000      0x3e6
 *(.debug_str)
 .debug_str     0x0000000000000000      0x3e6 /usr/lib/gcc/avr/5.4.0/../../../avr/lib/avr6/crtatmega2560.o

.debug_loc
 *(.debug_loc)

.debug_macinfo
 *(.debug_macinfo)

.debug_weaknames
 *(.debug_weaknames)

.debug_funcnames
 *(.debug_funcnames)

.debug_typenames
 *(.debug_typenames)

.debug_varnames
 *(.debug_varnames)

.debug_pubtypes
 *(.debug_pubtypes)

.debug_ranges
 *(.debug_ranges)

.debug_macro
 *(.debug_macro)
OUTPUT(SLAVE_SMART_Sensor.elf elf32-avr)
LOAD linker stubs
